--------------------------------------------------------------------------------
Release 14.5 Trace  (nt64)
Copyright (c) 1995-2012 Xilinx, Inc.  All rights reserved.

E:\Xilinx\14.5\ISE_DS\ISE\bin\nt64\unwrapped\trce.exe -intstyle ise -v 3 -s 5
-n 3 -fastpaths -xml TopLevel.twx TopLevel.ncd -o TopLevel.twr TopLevel.pcf
-ucf TopLevel.ucf

Design file:              TopLevel.ncd
Physical constraint file: TopLevel.pcf
Device,package,speed:     xc3s500e,fg320,-5 (PRODUCTION 1.27 2013-03-26)
Report level:             verbose report

Environment Variable      Effect 
--------------------      ------ 
NONE                      No environment variables were set
--------------------------------------------------------------------------------

INFO:Timing:2698 - No timing constraints found, doing default enumeration.
INFO:Timing:3412 - To improve timing, see the Timing Closure User Guide (UG612).
INFO:Timing:2752 - To get complete path coverage, use the unconstrained paths 
   option. All paths that are not constrained will be reported in the 
   unconstrained paths section(s) of the report.
INFO:Timing:3339 - The clock-to-out numbers in this timing report are based on 
   a 50 Ohm transmission line loading model.  For the details of this model, 
   and for more information on accounting for different loading conditions, 
   please see the device datasheet.
INFO:Timing:3390 - This architecture does not support a default System Jitter 
   value, please add SYSTEM_JITTER constraint to the UCF to modify the Clock 
   Uncertainty calculation.
INFO:Timing:3389 - This architecture does not support 'Discrete Jitter' and 
   'Phase Error' calculations, these terms will be zero in the Clock 
   Uncertainty calculation.  Please make appropriate modification to 
   SYSTEM_JITTER to account for the unsupported Discrete Jitter and Phase 
   Error.



Data Sheet report:
-----------------
All values displayed in nanoseconds (ns)

Setup/Hold to clock SystemClock
------------+------------+------------+------------------+--------+
            |Max Setup to|Max Hold to |                  | Clock  |
Source      | clk (edge) | clk (edge) |Internal Clock(s) | Phase  |
------------+------------+------------+------------------+--------+
Reset       |    2.904(R)|   -1.012(R)|SystemClock_BUFGP |   0.000|
------------+------------+------------+------------------+--------+

Clock SystemClock to Pad
------------+------------+------------------+--------+
            | clk (edge) |                  | Clock  |
Destination |   to PAD   |Internal Clock(s) | Phase  |
------------+------------+------------------+--------+
An<0>       |    9.019(R)|SystemClock_BUFGP |   0.000|
An<1>       |    8.956(R)|SystemClock_BUFGP |   0.000|
An<2>       |    8.881(R)|SystemClock_BUFGP |   0.000|
An<3>       |    8.196(R)|SystemClock_BUFGP |   0.000|
Ca          |   10.113(R)|SystemClock_BUFGP |   0.000|
Cb          |    9.595(R)|SystemClock_BUFGP |   0.000|
Cc          |    9.854(R)|SystemClock_BUFGP |   0.000|
Cd          |   10.463(R)|SystemClock_BUFGP |   0.000|
Ce          |    9.040(R)|SystemClock_BUFGP |   0.000|
Cf          |    9.708(R)|SystemClock_BUFGP |   0.000|
Cg          |    9.386(R)|SystemClock_BUFGP |   0.000|
------------+------------+------------------+--------+

Clock to Setup on destination clock SystemClock
---------------+---------+---------+---------+---------+
               | Src:Rise| Src:Fall| Src:Rise| Src:Fall|
Source Clock   |Dest:Rise|Dest:Rise|Dest:Fall|Dest:Fall|
---------------+---------+---------+---------+---------+
SystemClock    |    3.681|         |         |         |
---------------+---------+---------+---------+---------+


Analysis completed Mon Oct 28 11:25:19 2019 
--------------------------------------------------------------------------------

Trace Settings:
-------------------------
Trace Settings 

Peak Memory Usage: 4504 MB



